I'm sorry, but errors were detected in your script. Please correct the
errors listed below, and try again.


File "game/fishing_mg.rpy", line 25: expected a keyword argument or child statement.
    "Нажмите ENTER чтобы пропустить"
    ^

Ren'Py Version: Ren'Py 7.4.11.2266
Wed Aug 24 16:39:02 2022
